2025-10-18 19:05:21 | INFO | main | Analisando 4 mensagens... (DRY_RUN=True)
2025-10-18 19:05:22 | INFO | main | [SUSPEITO] 199f958fa156cd0a | Modelo ML: {'resultado': 'SUSPEITO', 'confiança': np.float64(73.0), 'features': {'has_link': 1, 'has_suspicious_words': 1, 'num_exclamations': 1, 'num_words': 1033}} | Você permitiu que o app Gmail Anti-Phishing Bot tivesse acesso a alguns dos seus dados da Conta do Google jorgehrq222@gm
2025-10-18 19:05:22 | INFO | main | [OK] 199f7bf0fe9cda93 | Sua CNH foi bloqueada! Pague agora mesmo para desbloquear no link abaixo: www.regularizarcnh/pague.com
2025-10-18 19:05:23 | INFO | main | [OK] 199f7a7311cffed2 | Turn your podcasts, lectures, and recordings into ready-to-share video 👀 ͏ ͏ ͏ ͏ ͏ ͏ ͏ ͏ ͏ ͏ ͏ ͏ ͏ ͏ ͏ ͏ ͏ ͏ ͏ ͏ ͏ ͏ ͏ ͏
2025-10-18 19:05:23 | INFO | main | [OK] 199ee8b4ec39307f | Hi jorgehenrikis12, Proteins are essential molecules that perform a wide range of functions in all living things. They a
2025-10-18 19:12:59 | INFO | main | Analisando 5 mensagens... (DRY_RUN=True)
2025-10-18 19:13:00 | INFO | main | [SUSPEITO] 199f95e182e10d03 | Solicita dados: 'cpf', Solicita dados: 'cartão', Solicita dados: 'senha', Solicita dados: 'rg', Solicita dados: 'prêmio', Solicita dados: 'ganhou', Solicita dados: 'resgatar', Modelo ML: {'resultado': 'OK', 'confiança': np.float64(69.0), 'features': {'has_link': 1, 'has_suspicious_words': 1, 'num_exclamations': 5, 'num_words': 83}} | Parabéns! Você foi selecionado para receber um prêmio exclusivo. Para resgatar, informe seu CPF, número do cartão e senh
2025-10-18 19:13:00 | INFO | main | [SUSPEITO] 199f958fa156cd0a | Modelo ML: {'resultado': 'SUSPEITO', 'confiança': np.float64(73.0), 'features': {'has_link': 1, 'has_suspicious_words': 1, 'num_exclamations': 1, 'num_words': 1033}} | Você permitiu que o app Gmail Anti-Phishing Bot tivesse acesso a alguns dos seus dados da Conta do Google jorgehrq222@gm
2025-10-18 19:13:00 | INFO | main | [OK] 199f7bf0fe9cda93 | Sua CNH foi bloqueada! Pague agora mesmo para desbloquear no link abaixo: www.regularizarcnh/pague.com
2025-10-18 19:13:01 | INFO | main | [OK] 199f7a7311cffed2 | Turn your podcasts, lectures, and recordings into ready-to-share video 👀 ͏ ͏ ͏ ͏ ͏ ͏ ͏ ͏ ͏ ͏ ͏ ͏ ͏ ͏ ͏ ͏ ͏ ͏ ͏ ͏ ͏ ͏ ͏ ͏
2025-10-18 19:13:01 | INFO | main | [OK] 199ee8b4ec39307f | Hi jorgehenrikis12, Proteins are essential molecules that perform a wide range of functions in all living things. They a
2025-10-18 19:34:44 | INFO | main | Analisando 5 mensagens... (DRY_RUN=False)
2025-10-18 19:34:45 | WARNING | main | [QUARENTENA] 199f95e182e10d03 | Solicita dados: 'cpf', Solicita dados: 'cartão', Solicita dados: 'senha', Solicita dados: 'rg', Solicita dados: 'prêmio', Solicita dados: 'ganhou', Solicita dados: 'resgatar', Modelo ML: {'resultado': 'OK', 'confiança': np.float64(69.0), 'features': {'has_link': 1, 'has_suspicious_words': 1, 'num_exclamations': 5, 'num_words': 83}} | Parabéns! Você foi selecionado para receber um prêmio exclusivo. Para resgatar, informe seu CPF, número do cartão e senh
2025-10-18 19:34:45 | WARNING | main | [QUARENTENA] 199f958fa156cd0a | Modelo ML: {'resultado': 'SUSPEITO', 'confiança': np.float64(73.0), 'features': {'has_link': 1, 'has_suspicious_words': 1, 'num_exclamations': 1, 'num_words': 1033}} | Você permitiu que o app Gmail Anti-Phishing Bot tivesse acesso a alguns dos seus dados da Conta do Google jorgehrq222@gm
2025-10-18 19:34:45 | INFO | main | [OK] 199f7bf0fe9cda93 | Sua CNH foi bloqueada! Pague agora mesmo para desbloquear no link abaixo: www.regularizarcnh/pague.com
2025-10-18 19:34:46 | INFO | main | [OK] 199f7a7311cffed2 | Turn your podcasts, lectures, and recordings into ready-to-share video 👀 ͏ ͏ ͏ ͏ ͏ ͏ ͏ ͏ ͏ ͏ ͏ ͏ ͏ ͏ ͏ ͏ ͏ ͏ ͏ ͏ ͏ ͏ ͏ ͏
2025-10-18 19:34:46 | INFO | main | [OK] 199ee8b4ec39307f | Hi jorgehenrikis12, Proteins are essential molecules that perform a wide range of functions in all living things. They a
2025-10-19 10:26:42 | INFO | main | Analisando 3 mensagens... (DRY_RUN=False)
2025-10-19 10:29:17 | INFO | main | Analisando 3 mensagens... (DRY_RUN=False)
2025-10-19 10:29:17 | INFO | main | [OK] 199f7bf0fe9cda93 | Sua CNH foi bloqueada! Pague agora mesmo para desbloquear no link abaixo: www.regularizarcnh/pague.com
2025-10-19 10:29:17 | INFO | main | [OK] 199f7a7311cffed2 | Turn your podcasts, lectures, and recordings into ready-to-share video 👀 ͏ ͏ ͏ ͏ ͏ ͏ ͏ ͏ ͏ ͏ ͏ ͏ ͏ ͏ ͏ ͏ ͏ ͏ ͏ ͏ ͏ ͏ ͏ ͏
2025-10-19 10:29:18 | INFO | main | [OK] 199ee8b4ec39307f | Hi jorgehenrikis12, Proteins are essential molecules that perform a wide range of functions in all living things. They a
2025-10-19 10:30:35 | INFO | main | Analisando 3 mensagens... (DRY_RUN=False)
2025-10-19 10:30:36 | WARNING | main | [QUARENTENA] 199f7bf0fe9cda93 | Domínio suspeito: regularizarcnh, Domínio suspeito sem TLD válido: www.regularizarcnh/pague.com, Domínio genérico suspeito: regularizarcnh, Domínio suspeito: regularizarcnh, Domínio suspeito sem TLD válido: www.regularizarcnh/<a, Domínio genérico suspeito: regularizarcnh, Mensagem com tom de urgência ou bloqueio, Modelo ML: {'resultado': 'OK', 'confiança': np.float64(66.0), 'features': {'has_link': 1, 'has_suspicious_words': 0, 'num_exclamations': 2, 'num_words': 46}} | Sua CNH foi bloqueada! Pague agora mesmo para desbloquear no link abaixo: www.regularizarcnh/pague.com
2025-10-19 10:30:36 | INFO | main | [OK] 199f7a7311cffed2 | Turn your podcasts, lectures, and recordings into ready-to-share video 👀 ͏ ͏ ͏ ͏ ͏ ͏ ͏ ͏ ͏ ͏ ͏ ͏ ͏ ͏ ͏ ͏ ͏ ͏ ͏ ͏ ͏ ͏ ͏ ͏
2025-10-19 10:30:37 | INFO | main | [OK] 199ee8b4ec39307f | Hi jorgehenrikis12, Proteins are essential molecules that perform a wide range of functions in all living things. They a
2025-10-19 10:45:33 | INFO | main | Analisando 10 mensagens... (DRY_RUN=False)
2025-10-19 10:45:33 | WARNING | main | [QUARENTENA] 199fcb3861c0b701 | Solicita 'conta' em contexto suspeito, Modelo ML: {'resultado': 'SUSPEITO', 'confiança': np.float64(77.0), 'features': {'has_link': 1, 'has_suspicious_words': 1, 'num_exclamations': 0, 'num_words': 54}} | Notamos um acesso suspeito à sua conta. Verifique: www.empresa-exemplo/secure.login.com Acesso não reconhecido será bloq
2025-10-19 10:45:34 | WARNING | main | [QUARENTENA] 199fcb312cc2e981 | Encurtador detectado: tinyurl.com, Encurtador detectado: tinyurl.com, Encurtador detectado: tinyurl.com, Encurtador detectado: tinyurl.com, Encurtador detectado: tinyurl.com, Modelo ML: {'resultado': 'SUSPEITO', 'confiança': np.float64(70.0), 'features': {'has_link': 1, 'has_suspicious_words': 1, 'num_exclamations': 0, 'num_words': 53}} | O pacote nº 7732-BR está aguardando confirmação. Clique para atualizar: tinyurl.com/XYZ123 Obrigado por usar nossos serv
2025-10-19 10:45:34 | WARNING | main | [QUARENTENA] 199fcb292ca976e3 | Modelo ML: {'resultado': 'SUSPEITO', 'confiança': np.float64(75.0), 'features': {'has_link': 0, 'has_suspicious_words': 1, 'num_exclamations': 0, 'num_words': 46}} | O correio não conseguiu entregar seu pedido. Acesse: tracking.atualize-endereco/pagamento Taxa de reenvio pode ser aplic
2025-10-19 10:45:35 | WARNING | main | [QUARENTENA] 199fcb1fd63250a7 | Modelo ML: {'resultado': 'SUSPEITO', 'confiança': np.float64(75.0), 'features': {'has_link': 1, 'has_suspicious_words': 1, 'num_exclamations': 0, 'num_words': 62}} | Seu pacote está retido no centro de distribuição. Confirme seu endereço: www.meu-correio/secure.com/atualize Evite o can
2025-10-19 10:45:35 | WARNING | main | [QUARENTENA] 199fcb1809c7dca9 | URL com IP: http://192.0.2.1/pagamento, URL com IP: http://192.0.2.1/pagamento, Mensagem com tom de urgência ou bloqueio, Modelo ML: {'resultado': 'SUSPEITO', 'confiança': np.float64(76.0), 'features': {'has_link': 1, 'has_suspicious_words': 0, 'num_exclamations': 0, 'num_words': 75}} | Prezado condutor, detectamos irregularidades em sua CNH. Regularize o documento acessando: http://192.0.2.1/pagamento Si
2025-10-19 10:45:36 | WARNING | main | [QUARENTENA] 199fcb0cb38f362a | Encurtador detectado: bit.ly, Encurtador detectado: bit.ly, Encurtador detectado: bit.ly, Encurtador detectado: bit.ly, Encurtador detectado: bit.ly, Mensagem com tom de urgência ou bloqueio, Modelo ML: {'resultado': 'SUSPEITO', 'confiança': np.float64(73.0), 'features': {'has_link': 1, 'has_suspicious_words': 1, 'num_exclamations': 0, 'num_words': 57}} | Seu cadastro no Detran foi suspenso por inadimplência. Efetue o pagamento em: bit.ly/REG-CNH Tempo limite: 24 horas.
2025-10-19 10:45:36 | WARNING | main | [QUARENTENA] 199fcb05975a8167 | Domínio suspeito: regularizarcnh, Domínio suspeito sem TLD válido: www.regularizarcnh/pague.com, Domínio genérico suspeito: regularizarcnh, Domínio suspeito: regularizarcnh, Domínio suspeito sem TLD válido: www.regularizarcnh/<a, Domínio genérico suspeito: regularizarcnh, Mensagem com tom de urgência ou bloqueio, Modelo ML: {'resultado': 'SUSPEITO', 'confiança': np.float64(77.0), 'features': {'has_link': 1, 'has_suspicious_words': 0, 'num_exclamations': 0, 'num_words': 50}} | Detectamos um bloqueio em sua CNH. Regularize agora mesmo em: www.regularizarcnh/pague.com Evite penalidades automáticas
2025-10-19 10:45:36 | INFO | main | [OK] 199fcad2f04ccffd | Sua CNH foi bloqueada por falta de pagamento. Pague agora para desbloquear: https://regularizarcnh/pague.com. Caso não p
2025-10-19 10:45:37 | INFO | main | [OK] 199f7a7311cffed2 | Turn your podcasts, lectures, and recordings into ready-to-share video 👀 ͏ ͏ ͏ ͏ ͏ ͏ ͏ ͏ ͏ ͏ ͏ ͏ ͏ ͏ ͏ ͏ ͏ ͏ ͏ ͏ ͏ ͏ ͏ ͏
2025-10-19 10:45:37 | INFO | main | [OK] 199ee8b4ec39307f | Hi jorgehenrikis12, Proteins are essential molecules that perform a wide range of functions in all living things. They a
2025-10-19 10:52:15 | INFO | main | Analisando 11 mensagens... (DRY_RUN=False)
2025-10-19 10:52:40 | INFO | main | Analisando 11 mensagens... (DRY_RUN=False)
2025-10-19 10:53:11 | INFO | main | Analisando 11 mensagens... (DRY_RUN=False)
2025-10-19 10:55:41 | INFO | main | Analisando 11 mensagens... (DRY_RUN=False)
2025-10-19 10:58:50 | INFO | main | Analisando 11 mensagens... (DRY_RUN=False)
2025-10-19 11:42:13 | INFO | main | Analisando 11 mensagens... (DRY_RUN=False)
